✅ Expo Push API client initialized
✅ Firebase Messaging initialized successfully
🧪 Starting integration test for Booking.com...
Executing (1392e956-33ae-4e82-81db-b045e0b89665): START TRANSACTION;
Executing (1392e956-33ae-4e82-81db-b045e0b89665): SELECT `id`, `email`, `passwordHash`, `googleId`, `firstName`, `lastName`, `phone`, `avatarUrl`, `role`, `status`, `emailVerified`, `emailVerificationCode`, `emailVerificationExpires`, `passwordResetToken`, `passwordResetExpires`, `accountDeletionToken`, `accountDeletionExpires`, `phoneVerified`, `kycVerified`, `profileCompleted`, `dateOfBirth`, `gender`, `address`, `city`, `state`, `language`, `bio`, `socialLinks`, `preferences`, `lastLogin`, `loginCount`, `ipAddress`, `pushToken`, `deletedAt`, `createdAt`, `updatedAt` FROM `Users` AS `User` WHERE (`User`.`deletedAt` IS NULL AND `User`.`email` = 'test_integrator@example.com');
Executing (1392e956-33ae-4e82-81db-b045e0b89665): COMMIT;
👤 Test User: 9935ef10-9470-4d36-92a9-9bdf8e338ab4
Executing (default): INSERT INTO `properties` (`id`,`ownerId`,`title`,`slug`,`description`,`propertyType`,`listingType`,`status`,`price`,`currency`,`negotiable`,`address`,`city`,`state`,`country`,`petFriendly`,`smokingAllowed`,`furnished`,`minStayNights`,`instantBooking`,`cancellationPolicy`,`featured`,`viewCount`,`favoriteCount`,`contactCount`,`source`,`externalId`,`createdAt`,`updatedAt`) VALUES (?,?,?,?,?,?,?,?,?,?,?,?,?,?,?,?,?,?,?,?,?,?,?,?,?,?,?,?,?);
🏨 External Property created: 30bab845-fa34-4979-bbd4-6eb6915b61e6
📅 Attempting to book external property...
🚀 [BOOKING SERVICE] Starting createBooking
🚀 [BOOKING SERVICE] userId: 9935ef10-9470-4d36-92a9-9bdf8e338ab4
🚀 [BOOKING SERVICE] bookingData: {
  "propertyId": "30bab845-fa34-4979-bbd4-6eb6915b61e6",
  "bookingType": "shortlet",
  "checkInDate": "2026-02-01",
  "checkOutDate": "2026-02-05",
  "numberOfNights": 4,
  "numberOfGuests": 2,
  "basePrice": 50000,
  "totalPrice": 200000,
  "currency": "NGN",
  "guestName": "Jane Doe",
  "guestEmail": "jane@example.com"
}
🔍 [BOOKING SERVICE] Checking if user exists: 9935ef10-9470-4d36-92a9-9bdf8e338ab4
Executing (default): SELECT `id`, `email`, `firstName`, `lastName`, `status` FROM `Users` AS `User` WHERE (`User`.`deletedAt` IS NULL AND `User`.`id` = '9935ef10-9470-4d36-92a9-9bdf8e338ab4');
✅ User found: {
  id: '9935ef10-9470-4d36-92a9-9bdf8e338ab4',
  email: 'test_integrator@example.com',
  status: 'active'
}
📋 [BOOKING SERVICE] Extracted booking data: {
  propertyId: '30bab845-fa34-4979-bbd4-6eb6915b61e6',
  bookingType: 'shortlet',
  checkInDate: '2026-02-01',
  checkOutDate: '2026-02-05',
  inspectionDate: undefined,
  inspectionTime: undefined,
  numberOfNights: 4,
  numberOfGuests: 2,
  basePrice: 50000,
  totalPrice: 200000,
  currency: 'NGN',
  serviceFee: 0,
  taxAmount: 0,
  discountAmount: 0,
  guestName: 'Jane Doe',
  guestPhone: undefined,
  guestEmail: 'jane@example.com',
  specialRequests: undefined
}
🔍 [BOOKING SERVICE] Fetching property: 30bab845-fa34-4979-bbd4-6eb6915b61e6
Executing (default): SELECT `Property`.`id`, `Property`.`ownerId`, `Property`.`agentId`, `Property`.`title`, `Property`.`slug`, `Property`.`description`, `Property`.`shortDescription`, `Property`.`propertyType`, `Property`.`listingType`, `Property`.`status`, `Property`.`price`, `Property`.`originalPrice`, `Property`.`currency`, `Property`.`pricePeriod`, `Property`.`negotiable`, `Property`.`address`, `Property`.`city`, `Property`.`state`, `Property`.`country`, `Property`.`postalCode`, `Property`.`latitude`, `Property`.`longitude`, `Property`.`neighborhood`, `Property`.`landmark`, `Property`.`bedrooms`, `Property`.`bathrooms`, `Property`.`toilets`, `Property`.`parkingSpaces`, `Property`.`floorArea`, `Property`.`landArea`, `Property`.`floorNumber`, `Property`.`totalFloors`, `Property`.`yearBuilt`, `Property`.`conditionStatus`, `Property`.`features`, `Property`.`amenities`, `Property`.`petFriendly`, `Property`.`smokingAllowed`, `Property`.`furnished`, `Property`.`availableFrom`, `Property`.`availableUntil`, `Property`.`minLeasePeriod`, `Property`.`maxLeasePeriod`, `Property`.`minStayNights`, `Property`.`maxStayNights`, `Property`.`instantBooking`, `Property`.`cancellationPolicy`, `Property`.`featured`, `Property`.`featuredUntil`, `Property`.`viewCount`, `Property`.`favoriteCount`, `Property`.`contactCount`, `Property`.`approvedBy`, `Property`.`approvedAt`, `Property`.`rejectionReason`, `Property`.`moderationNotes`, `Property`.`tags`, `Property`.`seoTitle`, `Property`.`seoDescription`, `Property`.`seoKeywords`, `Property`.`source`, `Property`.`externalId`, `Property`.`externalData`, `Property`.`createdAt`, `Property`.`updatedAt`, `owner`.`id` AS `owner.id`, `owner`.`firstName` AS `owner.firstName`, `owner`.`lastName` AS `owner.lastName`, `owner`.`email` AS `owner.email`, `owner`.`status` AS `owner.status` FROM `properties` AS `Property` LEFT OUTER JOIN `Users` AS `owner` ON `Property`.`ownerId` = `owner`.`id` WHERE `Property`.`id` = '30bab845-fa34-4979-bbd4-6eb6915b61e6';
✅ [BOOKING SERVICE] Property found: {
  id: '30bab845-fa34-4979-bbd4-6eb6915b61e6',
  title: 'Mock Booking.com Hotel',
  ownerId: '9935ef10-9470-4d36-92a9-9bdf8e338ab4',
  hasOwner: true
}
🔍 [BOOKING SERVICE] Checking availability for: {
  propertyId: '30bab845-fa34-4979-bbd4-6eb6915b61e6',
  checkInDate: '2026-02-01',
  checkOutDate: '2026-02-05'
}
Executing (default): SELECT `id`, `propertyId`, `date`, `reason`, `bookingId`, `notes`, `isActive`, `createdBy`, `createdAt`, `updatedAt` FROM `property_availability` AS `PropertyAvailability` WHERE `PropertyAvailability`.`propertyId` = '30bab845-fa34-4979-bbd4-6eb6915b61e6' AND `PropertyAvailability`.`date` BETWEEN '2026-02-01' AND '2026-02-05' AND `PropertyAvailability`.`isActive` = true ORDER BY `PropertyAvailability`.`date` ASC;
📊 [BOOKING SERVICE] Availability check result: { available: true, conflictingDates: [], totalNights: NaN }
Executing (default): SELECT `id`, `propertyId`, `userId`, `ownerId`, `bookingType`, `status`, `checkInDate`, `checkOutDate`, `inspectionDate`, `inspectionTime`, `numberOfNights`, `numberOfGuests`, `basePrice`, `totalPrice`, `currency`, `serviceFee`, `taxAmount`, `discountAmount`, `paymentStatus`, `paymentMethod`, `transactionId`, `guestName`, `guestPhone`, `guestEmail`, `specialRequests`, `cancellationReason`, `cancelledBy`, `cancelledAt`, `ownerNotes`, `adminNotes`, `ipAddress`, `userAgent`, `metadata`, `externalBookingId`, `externalStatus`, `createdAt`, `updatedAt` FROM `bookings` AS `Booking` WHERE (`Booking`.`checkInDate` BETWEEN '2026-02-01' AND '2026-02-05' OR `Booking`.`checkOutDate` BETWEEN '2026-02-01' AND '2026-02-05' OR (`Booking`.`checkInDate` <= '2026-02-01' AND `Booking`.`checkOutDate` >= '2026-02-05')) AND `Booking`.`propertyId` = '30bab845-fa34-4979-bbd4-6eb6915b61e6' AND `Booking`.`status` IN ('confirmed', 'pending') LIMIT 1;
✅ [BOOKING SERVICE] Property owner found: {
  ownerId: '9935ef10-9470-4d36-92a9-9bdf8e338ab4',
  ownerEmail: 'test_integrator@example.com'
}
Executing (6f4f0300-d666-46ab-9dab-72fa16f441b4): START TRANSACTION;
🔍 [BOOKING SERVICE] Re-verifying user within transaction: 9935ef10-9470-4d36-92a9-9bdf8e338ab4
Executing (6f4f0300-d666-46ab-9dab-72fa16f441b4): SELECT `id`, `email`, `status` FROM `Users` AS `User` WHERE (`User`.`deletedAt` IS NULL AND `User`.`id` = '9935ef10-9470-4d36-92a9-9bdf8e338ab4');
✅ [BOOKING SERVICE] User verified within transaction: {
  id: '9935ef10-9470-4d36-92a9-9bdf8e338ab4',
  email: 'test_integrator@example.com',
  status: 'active'
}
🔍 [BOOKING SERVICE] Verifying user exists in database table via raw SQL
Executing (6f4f0300-d666-46ab-9dab-72fa16f441b4): SELECT id, email, deletedAt FROM Users WHERE id = '9935ef10-9470-4d36-92a9-9bdf8e338ab4' AND deletedAt IS NULL
✅ [BOOKING SERVICE] User verified in database table via raw SQL: {
  id: '9935ef10-9470-4d36-92a9-9bdf8e338ab4',
  email: 'test_integrator@example.com'
}
📝 [BOOKING SERVICE] Creating booking with data: {
  userId: '9935ef10-9470-4d36-92a9-9bdf8e338ab4',
  propertyId: '30bab845-fa34-4979-bbd4-6eb6915b61e6',
  ownerId: '9935ef10-9470-4d36-92a9-9bdf8e338ab4',
  bookingType: 'shortlet',
  checkInDate: '2026-02-01',
  checkOutDate: '2026-02-05',
  inspectionDate: undefined,
  inspectionTime: undefined,
  numberOfNights: 4,
  numberOfGuests: 2,
  basePrice: 50000,
  totalPrice: 200000,
  currency: 'NGN',
  serviceFee: 0,
  taxAmount: 0,
  discountAmount: 0
}
💾 [BOOKING SERVICE] Booking payload: {
  "propertyId": "30bab845-fa34-4979-bbd4-6eb6915b61e6",
  "userId": "9935ef10-9470-4d36-92a9-9bdf8e338ab4",
  "ownerId": "9935ef10-9470-4d36-92a9-9bdf8e338ab4",
  "bookingType": "shortlet",
  "checkInDate": "2026-02-01",
  "checkOutDate": "2026-02-05",
  "inspectionDate": null,
  "inspectionTime": null,
  "numberOfNights": 4,
  "numberOfGuests": 2,
  "basePrice": 50000,
  "totalPrice": 200000,
  "currency": "NGN",
  "serviceFee": 0,
  "taxAmount": 0,
  "discountAmount": 0,
  "guestName": "Jane Doe",
  "guestPhone": null,
  "guestEmail": "jane@example.com",
  "specialRequests": null,
  "status": "pending",
  "paymentStatus": "pending"
}
Executing (6f4f0300-d666-46ab-9dab-72fa16f441b4): INSERT INTO `bookings` (`id`,`propertyId`,`userId`,`ownerId`,`bookingType`,`status`,`checkInDate`,`checkOutDate`,`inspectionDate`,`inspectionTime`,`numberOfNights`,`numberOfGuests`,`basePrice`,`totalPrice`,`currency`,`serviceFee`,`taxAmount`,`discountAmount`,`paymentStatus`,`guestName`,`guestPhone`,`guestEmail`,`specialRequests`,`createdAt`,`updatedAt`) VALUES (?,?,?,?,?,?,?,?,?,?,?,?,?,?,?,?,?,?,?,?,?,?,?,?,?);
✅ [BOOKING SERVICE] Booking created successfully: 7cf9e6d6-9667-4510-aa80-b9664dbc2cd1
Executing (6f4f0300-d666-46ab-9dab-72fa16f441b4): COMMIT;
✅ [BOOKING SERVICE] Transaction committed successfully
🌐 [BOOKING SERVICE] Property is external (booking_com). Synchronizing...
🌐 [BOOKING.COM SERVICE] Creating external booking: {
  propertyId: '30bab845-fa34-4979-bbd4-6eb6915b61e6',
  userId: '9935ef10-9470-4d36-92a9-9bdf8e338ab4',
  ownerId: '9935ef10-9470-4d36-92a9-9bdf8e338ab4',
  bookingType: 'shortlet',
  checkInDate: '2026-02-01',
  checkOutDate: '2026-02-05',
  inspectionDate: null,
  inspectionTime: null,
  numberOfNights: 4,
  numberOfGuests: 2,
  basePrice: 50000,
  totalPrice: 200000,
  currency: 'NGN',
  serviceFee: 0,
  taxAmount: 0,
  discountAmount: 0,
  guestName: 'Jane Doe',
  guestPhone: null,
  guestEmail: 'jane@example.com',
  specialRequests: null,
  status: 'pending',
  paymentStatus: 'pending',
  localBookingId: '7cf9e6d6-9667-4510-aa80-b9664dbc2cd1'
}
✅ [BOOKING SERVICE] External booking successful: BK-6J5PT23
Executing (default): UPDATE `bookings` SET `externalBookingId`=?,`externalStatus`=?,`updatedAt`=? WHERE `id` = ?
Executing (default): SELECT `Booking`.`id`, `Booking`.`propertyId`, `Booking`.`userId`, `Booking`.`ownerId`, `Booking`.`bookingType`, `Booking`.`status`, `Booking`.`checkInDate`, `Booking`.`checkOutDate`, `Booking`.`inspectionDate`, `Booking`.`inspectionTime`, `Booking`.`numberOfNights`, `Booking`.`numberOfGuests`, `Booking`.`basePrice`, `Booking`.`totalPrice`, `Booking`.`currency`, `Booking`.`serviceFee`, `Booking`.`taxAmount`, `Booking`.`discountAmount`, `Booking`.`paymentStatus`, `Booking`.`paymentMethod`, `Booking`.`transactionId`, `Booking`.`guestName`, `Booking`.`guestPhone`, `Booking`.`guestEmail`, `Booking`.`specialRequests`, `Booking`.`cancellationReason`, `Booking`.`cancelledBy`, `Booking`.`cancelledAt`, `Booking`.`ownerNotes`, `Booking`.`adminNotes`, `Booking`.`ipAddress`, `Booking`.`userAgent`, `Booking`.`metadata`, `Booking`.`externalBookingId`, `Booking`.`externalStatus`, `Booking`.`createdAt`, `Booking`.`updatedAt`, `property`.`id` AS `property.id`, `property`.`ownerId` AS `property.ownerId`, `property`.`agentId` AS `property.agentId`, `property`.`title` AS `property.title`, `property`.`slug` AS `property.slug`, `property`.`description` AS `property.description`, `property`.`shortDescription` AS `property.shortDescription`, `property`.`propertyType` AS `property.propertyType`, `property`.`listingType` AS `property.listingType`, `property`.`status` AS `property.status`, `property`.`price` AS `property.price`, `property`.`originalPrice` AS `property.originalPrice`, `property`.`currency` AS `property.currency`, `property`.`pricePeriod` AS `property.pricePeriod`, `property`.`negotiable` AS `property.negotiable`, `property`.`address` AS `property.address`, `property`.`city` AS `property.city`, `property`.`state` AS `property.state`, `property`.`country` AS `property.country`, `property`.`postalCode` AS `property.postalCode`, `property`.`latitude` AS `property.latitude`, `property`.`longitude` AS `property.longitude`, `property`.`neighborhood` AS `property.neighborhood`, `property`.`landmark` AS `property.landmark`, `property`.`bedrooms` AS `property.bedrooms`, `property`.`bathrooms` AS `property.bathrooms`, `property`.`toilets` AS `property.toilets`, `property`.`parkingSpaces` AS `property.parkingSpaces`, `property`.`floorArea` AS `property.floorArea`, `property`.`landArea` AS `property.landArea`, `property`.`floorNumber` AS `property.floorNumber`, `property`.`totalFloors` AS `property.totalFloors`, `property`.`yearBuilt` AS `property.yearBuilt`, `property`.`conditionStatus` AS `property.conditionStatus`, `property`.`features` AS `property.features`, `property`.`amenities` AS `property.amenities`, `property`.`petFriendly` AS `property.petFriendly`, `property`.`smokingAllowed` AS `property.smokingAllowed`, `property`.`furnished` AS `property.furnished`, `property`.`availableFrom` AS `property.availableFrom`, `property`.`availableUntil` AS `property.availableUntil`, `property`.`minLeasePeriod` AS `property.minLeasePeriod`, `property`.`maxLeasePeriod` AS `property.maxLeasePeriod`, `property`.`minStayNights` AS `property.minStayNights`, `property`.`maxStayNights` AS `property.maxStayNights`, `property`.`instantBooking` AS `property.instantBooking`, `property`.`cancellationPolicy` AS `property.cancellationPolicy`, `property`.`featured` AS `property.featured`, `property`.`featuredUntil` AS `property.featuredUntil`, `property`.`viewCount` AS `property.viewCount`, `property`.`favoriteCount` AS `property.favoriteCount`, `property`.`contactCount` AS `property.contactCount`, `property`.`approvedBy` AS `property.approvedBy`, `property`.`approvedAt` AS `property.approvedAt`, `property`.`rejectionReason` AS `property.rejectionReason`, `property`.`moderationNotes` AS `property.moderationNotes`, `property`.`tags` AS `property.tags`, `property`.`seoTitle` AS `property.seoTitle`, `property`.`seoDescription` AS `property.seoDescription`, `property`.`seoKeywords` AS `property.seoKeywords`, `property`.`source` AS `property.source`, `property`.`externalId` AS `property.externalId`, `property`.`externalData` AS `property.externalData`, `property`.`createdAt` AS `property.createdAt`, `property`.`updatedAt` AS `property.updatedAt`, `property->owner`.`id` AS `property.owner.id`, `property->owner`.`firstName` AS `property.owner.firstName`, `property->owner`.`lastName` AS `property.owner.lastName`, `property->owner`.`email` AS `property.owner.email`, `property->owner`.`phone` AS `property.owner.phone`, `property->owner`.`avatarUrl` AS `property.owner.avatarUrl`, `user`.`id` AS `user.id`, `user`.`firstName` AS `user.firstName`, `user`.`lastName` AS `user.lastName`, `user`.`email` AS `user.email`, `user`.`phone` AS `user.phone`, `user`.`avatarUrl` AS `user.avatarUrl`, `owner`.`id` AS `owner.id`, `owner`.`firstName` AS `owner.firstName`, `owner`.`lastName` AS `owner.lastName`, `owner`.`email` AS `owner.email`, `owner`.`phone` AS `owner.phone`, `owner`.`avatarUrl` AS `owner.avatarUrl` FROM `bookings` AS `Booking` LEFT OUTER JOIN `properties` AS `property` ON `Booking`.`propertyId` = `property`.`id` LEFT OUTER JOIN `Users` AS `property->owner` ON `property`.`ownerId` = `property->owner`.`id` AND (`property->owner`.`deletedAt` IS NULL) LEFT OUTER JOIN `Users` AS `user` ON `Booking`.`userId` = `user`.`id` AND (`user`.`deletedAt` IS NULL) LEFT OUTER JOIN `Users` AS `owner` ON `Booking`.`ownerId` = `owner`.`id` AND (`owner`.`deletedAt` IS NULL) WHERE `Booking`.`id` = '7cf9e6d6-9667-4510-aa80-b9664dbc2cd1';
✅ [BOOKING SERVICE] Complete booking data: {
  "id": "7cf9e6d6-9667-4510-aa80-b9664dbc2cd1",
  "propertyId": "30bab845-fa34-4979-bbd4-6eb6915b61e6",
  "userId": "9935ef10-9470-4d36-92a9-9bdf8e338ab4",
  "ownerId": "9935ef10-9470-4d36-92a9-9bdf8e338ab4",
  "bookingType": "shortlet",
  "status": "pending",
  "checkInDate": "2026-02-01",
  "checkOutDate": "2026-02-05",
  "inspectionDate": null,
  "inspectionTime": null,
  "numberOfNights": 4,
  "numberOfGuests": 2,
  "basePrice": "50000.00",
  "totalPrice": "200000.00",
  "currency": "NGN",
  "serviceFee": "0.00",
  "taxAmount": "0.00",
  "discountAmount": "0.00",
  "paymentStatus": "pending",
  "paymentMethod": null,
  "transactionId": null,
  "guestName": "Jane Doe",
  "guestPhone": null,
  "guestEmail": "jane@example.com",
  "specialRequests": null,
  "cancellationReason": null,
  "cancelledBy": null,
  "cancelledAt": null,
  "ownerNotes": null,
  "adminNotes": null,
  "ipAddress": null,
  "userAgent": null,
  "metadata": null,
  "externalBookingId": "BK-6J5PT23",
  "externalStatus": "confirmed",
  "createdAt": "2026-01-11T14:40:17.000Z",
  "updatedAt": "2026-01-11T14:40:18.000Z",
  "property": {
    "id": "30bab845-fa34-4979-bbd4-6eb6915b61e6",
    "ownerId": "9935ef10-9470-4d36-92a9-9bdf8e338ab4",
    "agentId": null,
    "title": "Mock Booking.com Hotel",
    "slug": "mock-hotel-1768142415857",
    "description": "A hotel imported from Booking.com",
    "shortDescription": null,
    "propertyType": "hotel",
    "listingType": "hotel",
    "status": "draft",
    "price": "50000.00",
    "originalPrice": null,
    "currency": "NGN",
    "pricePeriod": null,
    "negotiable": false,
    "address": "123 External Way",
    "city": "Lagos",
    "state": "Lagos",
    "country": "Nigeria",
    "postalCode": null,
    "latitude": null,
    "longitude": null,
    "neighborhood": null,
    "landmark": null,
    "bedrooms": null,
    "bathrooms": null,
    "toilets": null,
    "parkingSpaces": null,
    "floorArea": null,
    "landArea": null,
    "floorNumber": null,
    "totalFloors": null,
    "yearBuilt": null,
    "conditionStatus": null,
    "features": null,
    "amenities": null,
    "petFriendly": false,
    "smokingAllowed": false,
    "furnished": false,
    "availableFrom": null,
    "availableUntil": null,
    "minLeasePeriod": null,
    "maxLeasePeriod": null,
    "minStayNights": 1,
    "maxStayNights": null,
    "instantBooking": false,
    "cancellationPolicy": "moderate",
    "featured": false,
    "featuredUntil": null,
    "viewCount": 0,
    "favoriteCount": 0,
    "contactCount": 0,
    "approvedBy": null,
    "approvedAt": null,
    "rejectionReason": null,
    "moderationNotes": null,
    "tags": null,
    "seoTitle": null,
    "seoDescription": null,
    "seoKeywords": null,
    "source": "booking_com",
    "externalId": "ext_hotel_999",
    "externalData": null,
    "createdAt": "2026-01-11T14:40:15.000Z",
    "updatedAt": "2026-01-11T14:40:15.000Z",
    "owner": {
      "id": "9935ef10-9470-4d36-92a9-9bdf8e338ab4",
      "firstName": "Test",
      "lastName": "Integrator",
      "email": "test_integrator@example.com",
      "phone": null,
      "avatarUrl": null
    }
  },
  "user": {
    "id": "9935ef10-9470-4d36-92a9-9bdf8e338ab4",
    "firstName": "Test",
    "lastName": "Integrator",
    "email": "test_integrator@example.com",
    "phone": null,
    "avatarUrl": null
  },
  "owner": {
    "id": "9935ef10-9470-4d36-92a9-9bdf8e338ab4",
    "firstName": "Test",
    "lastName": "Integrator",
    "email": "test_integrator@example.com",
    "phone": null,
    "avatarUrl": null
  }
}
✅ Local booking created: 7cf9e6d6-9667-4510-aa80-b9664dbc2cd1
Executing (default): SELECT `id`, `propertyId`, `userId`, `ownerId`, `bookingType`, `status`, `checkInDate`, `checkOutDate`, `inspectionDate`, `inspectionTime`, `numberOfNights`, `numberOfGuests`, `basePrice`, `totalPrice`, `currency`, `serviceFee`, `taxAmount`, `discountAmount`, `paymentStatus`, `paymentMethod`, `transactionId`, `guestName`, `guestPhone`, `guestEmail`, `specialRequests`, `cancellationReason`, `cancelledBy`, `cancelledAt`, `ownerNotes`, `adminNotes`, `ipAddress`, `userAgent`, `metadata`, `externalBookingId`, `externalStatus`, `createdAt`, `updatedAt` FROM `bookings` AS `Booking` WHERE `Booking`.`id` = '7cf9e6d6-9667-4510-aa80-b9664dbc2cd1';
🔗 External Booking ID: BK-6J5PT23
📊 External Status: confirmed
🎉 INTEGRATION SUCCESSFUL!
